// Jest Snapshot v1, https://goo.gl/fbAQLP

exports[`<App /> renders correctly 1`] = `
<RCTSafeAreaView
  style={
    {
      "backgroundColor": "#222",
    }
  }
>
  <RCTScrollView
    contentInsetAdjustmentBehavior="automatic"
    style={
      {
        "backgroundColor": "#222",
      }
    }
  >
    <View>
      <View
        style={
          {
            "backgroundColor": "#000",
          }
        }
      >
        <View
          style={
            {
              "alignItems": "center",
              "backgroundColor": "#F5FCFF",
              "flex": 1,
              "justifyContent": "center",
            }
          }
        >
          <Text
            style={
              {
                "fontSize": 20,
                "margin": 10,
                "textAlign": "center",
              }
            }
          >
            Download PDF Base64
          </Text>
          <View
            accessibilityRole="button"
            accessibilityState={
              {
                "busy": undefined,
                "checked": undefined,
                "disabled": undefined,
                "expanded": undefined,
                "selected": undefined,
              }
            }
            accessibilityValue={
              {
                "max": undefined,
                "min": undefined,
                "now": undefined,
                "text": undefined,
              }
            }
            accessible={true}
            collapsable={false}
            focusable={true}
            onClick={[Function]}
            onResponderGrant={[Function]}
            onResponderMove={[Function]}
            onResponderRelease={[Function]}
            onResponderTerminate={[Function]}
            onResponderTerminationRequest={[Function]}
            onStartShouldSetResponder={[Function]}
            style={
              {
                "opacity": 1,
              }
            }
            testID="share-button"
          >
            <View
              style={
                [
                  {},
                ]
              }
            >
              <Text
                style={
                  [
                    {
                      "color": "#007AFF",
                      "fontSize": 18,
                      "margin": 8,
                      "textAlign": "center",
                    },
                  ]
                }
              >
                Share
              </Text>
            </View>
          </View>
        </View>
      </View>
    </View>
  </RCTScrollView>
</RCTSafeAreaView>
`;

exports[`<App /> should share the link 1`] = `
<RCTSafeAreaView
  style={
    {
      "backgroundColor": "#222",
    }
  }
>
  <RCTScrollView
    contentInsetAdjustmentBehavior="automatic"
    style={
      {
        "backgroundColor": "#222",
      }
    }
  >
    <View>
      <View
        style={
          {
            "backgroundColor": "#000",
          }
        }
      >
        <View
          style={
            {
              "alignItems": "center",
              "backgroundColor": "#F5FCFF",
              "flex": 1,
              "justifyContent": "center",
            }
          }
        >
          <Text
            style={
              {
                "fontSize": 20,
                "margin": 10,
                "textAlign": "center",
              }
            }
          >
            Download PDF Base64
          </Text>
          <View
            accessibilityRole="button"
            accessibilityState={
              {
                "busy": undefined,
                "checked": undefined,
                "disabled": undefined,
                "expanded": undefined,
                "selected": undefined,
              }
            }
            accessibilityValue={
              {
                "max": undefined,
                "min": undefined,
                "now": undefined,
                "text": undefined,
              }
            }
            accessible={true}
            collapsable={false}
            focusable={true}
            onClick={[Function]}
            onResponderGrant={[Function]}
            onResponderMove={[Function]}
            onResponderRelease={[Function]}
            onResponderTerminate={[Function]}
            onResponderTerminationRequest={[Function]}
            onStartShouldSetResponder={[Function]}
            style={
              {
                "opacity": 1,
              }
            }
            testID="share-button"
          >
            <View
              style={
                [
                  {},
                ]
              }
            >
              <Text
                style={
                  [
                    {
                      "color": "#007AFF",
                      "fontSize": 18,
                      "margin": 8,
                      "textAlign": "center",
                    },
                  ]
                }
              >
                Share
              </Text>
            </View>
          </View>
        </View>
      </View>
    </View>
  </RCTScrollView>
</RCTSafeAreaView>
`;
